\BOOKMARK [1][-]{section.1}{\376\377\133\236\232\214\163\257\130\203}{}% 1
\BOOKMARK [1][-]{section.2}{\376\377\116\343\170\001\176\323\147\204}{}% 2
\BOOKMARK [1][-]{section.3}{\376\377\133\236\232\214\116\000\377\032\127\372\170\100\000\040\000N\000T\000T\000\040\166\204\000\040\000P\000t\000h\000r\000e\000a\000d\000\040\117\030\123\026}{}% 3
\BOOKMARK [2][-]{subsection.3.1}{\376\377\000N\000T\000T\000\040\123\237\164\006}{section.3}% 4
\BOOKMARK [2][-]{subsection.3.2}{\376\377\207\166\137\142\217\320\173\227\136\166\210\114}{section.3}% 5
\BOOKMARK [1][-]{section.4}{\376\377\133\236\232\214\116\214\377\032\000C\000R\000T\000\040\133\236\163\260\131\047\152\041\145\160\000\040\000N\000T\000T}{}% 6
\BOOKMARK [2][-]{subsection.4.1}{\376\377\116\072\116\300\116\110\227\000\211\201\000\040\000C\000R\000T}{section.4}% 7
\BOOKMARK [2][-]{subsection.4.2}{\376\377\000C\000R\000T\000\040\123\237\164\006}{section.4}% 8
\BOOKMARK [2][-]{subsection.4.3}{\376\377\000C\000R\000T\000\040\124\010\136\166\123\237\164\006}{section.4}% 9
\BOOKMARK [2][-]{subsection.4.4}{\376\377\152\041\145\160\220\011\142\351}{section.4}% 10
\BOOKMARK [1][-]{section.5}{\376\377\133\236\232\214\116\011\377\032\000C\000R\000T\000\040\166\204\000\040\000P\000t\000h\000r\000e\000a\000d\000\040\117\030\123\026}{}% 11
\BOOKMARK [2][-]{subsection.5.1}{\376\377\136\166\210\114\140\035\215\357}{section.5}% 12
\BOOKMARK [2][-]{subsection.5.2}{\376\377\000C\000R\000T\000\040\124\010\136\166\136\166\210\114}{section.5}% 13
\BOOKMARK [1][-]{section.6}{\376\377\133\236\232\214\126\333\377\032\000O\000p\000e\000n\000M\000P\000\040\201\352\122\250\214\003\136\246\117\030\123\026}{}% 14
\BOOKMARK [2][-]{subsection.6.1}{\376\377\000O\000p\000e\000n\000M\000P\000\040\217\320\210\114\145\366\213\276\177\156}{section.6}% 15
\BOOKMARK [2][-]{subsection.6.2}{\376\377\121\205\220\350\000\040\000N\000T\000T\000\040\136\166\210\114}{section.6}% 16
\BOOKMARK [2][-]{subsection.6.3}{\376\377\152\041\145\160\136\166\210\114}{section.6}% 17
\BOOKMARK [2][-]{subsection.6.4}{\376\377\000C\000R\000T\000\040\124\010\136\166\116\055\166\204\000\040\000g\000u\000i\000d\000e\000d\000\040\214\003\136\246}{section.6}% 18
\BOOKMARK [1][-]{section.7}{\376\377\133\236\232\214\116\224\377\032\000O\000p\000e\000n\000M\000P\000\040\000S\000I\000M\000D\000\040\201\352\122\250\124\021\221\317\123\026}{}% 19
\BOOKMARK [2][-]{subsection.7.1}{\376\377\000S\000I\000M\000D\000\040\117\030\123\026\122\250\147\072}{section.7}% 20
\BOOKMARK [2][-]{subsection.7.2}{\376\377\155\210\226\144\145\313\217\154\126\340\133\120\220\022\143\250\117\235\215\126}{section.7}% 21
\BOOKMARK [2][-]{subsection.7.3}{\376\377\134\017\152\041\145\160\116\130\154\325\117\030\123\026}{section.7}% 22
\BOOKMARK [1][-]{section.8}{\376\377\140\047\200\375\155\113\213\325\116\016\153\143\170\156\140\047\122\006\147\220}{}% 23
\BOOKMARK [2][-]{subsection.8.1}{\376\377\140\047\200\375\155\113\213\325\116\016\176\323\147\234\122\006\147\220}{section.8}% 24
\BOOKMARK [2][-]{subsection.8.2}{\376\377\000P\000t\000h\000r\000e\000a\000d\000\040\124\214\000\040\000O\000p\000e\000n\000M\000P\000\040\123\072\122\053\122\006\147\220}{section.8}% 25
\BOOKMARK [1][-]{section.9}{\376\377\121\166\116\326\173\227\154\325\117\030\123\026\173\126\165\145}{}% 26
\BOOKMARK [2][-]{subsection.9.1}{\376\377\116\373\122\241\154\140\116\016\122\250\140\001\215\037\217\175\127\107\210\141}{section.9}% 27
\BOOKMARK [2][-]{subsection.9.2}{\376\377\122\006\134\102\155\367\124\010\136\166\210\114}{section.9}% 28
\BOOKMARK [2][-]{subsection.9.3}{\376\377\177\023\133\130\123\313\131\175\166\204\122\006\127\127\117\030\123\026}{section.9}% 29
\BOOKMARK [2][-]{subsection.9.4}{\376\377\131\032\153\041\133\236\232\214\116\373\122\241\136\166\210\114}{section.9}% 30
\BOOKMARK [1][-]{section.10}{\376\377\225\356\230\230\116\016\123\315\140\035}{}% 31
\BOOKMARK [2][-]{subsection.10.1}{\376\377\121\163\116\216\116\011\152\041\145\160\116\016\126\333\152\041\145\160}{section.10}% 32
\BOOKMARK [2][-]{subsection.10.2}{\376\377\121\163\116\216\152\041\145\160\136\166\210\114\116\016\121\205\220\350\136\166\210\114}{section.10}% 33
\BOOKMARK [1][-]{section.11}{\376\377\140\073\176\323}{}% 34
